// Jest Snapshot v1, https://goo.gl/fbAQLP

exports[`Title Snapshot test for title 1`] = `
<div>
  <h1>
    Test Title
  </h1>
  <h2 />
</div>
`;

exports[`Title snapshot test for title 2 1`] = `
<div>
  <h1 />
  <h2>
    3
  </h2>
</div>
`;
